// Jest Snapshot v1, https://goo.gl/fbAQLP

exports[`Events Snapshots should match the snapshot 1`] = `
ShallowWrapper {
  Symbol(enzyme.__root__): [Circular],
  Symbol(enzyme.__unrendered__): <Events
    events={
      Array [
        Object {
          "_embedded": Object {
            "venues": Array [
              Object {
                "address": Object {
                  "line1": "111 A st",
                },
                "city": Object {
                  "name": "Denver",
                },
                "name": "venue",
              },
            ],
          },
          "dates": Object {
            "start": Object {
              "localDate": "2019-4-4",
            },
          },
          "id": 477,
          "images": Array [
            Object {
              "url": "https://s1.ticketm.nethttp://image.jpg",
            },
          ],
          "name": "OK Go",
          "url": "eventpage.com",
        },
        Object {
          "_embedded": Object {
            "venues": Array [
              Object {
                "address": Object {
                  "line1": "222 B st",
                },
                "city": Object {
                  "name": "Denver",
                },
                "name": "venue2",
              },
            ],
          },
          "dates": Object {
            "start": Object {
              "localDate": "2019-5-5",
            },
          },
          "id": 111,
          "images": Array [
            Object {
              "url": "https://s1.ticketm.nethttp://image.jpg",
            },
          ],
          "name": "Ween",
          "url": "eventpage2.com",
        },
      ]
    }
  />,
  Symbol(enzyme.__renderer__): Object {
    "batchedUpdates": [Function],
    "checkPropTypes": [Function],
    "getNode": [Function],
    "render": [Function],
    "simulateError": [Function],
    "simulateEvent": [Function],
    "unmount": [Function],
  },
  Symbol(enzyme.__node__): Object {
    "instance": null,
    "key": undefined,
    "nodeType": "host",
    "props": Object {
      "children": Array [
        <main
          className="events-container"
        >
          <section
            className="event-card"
          >
            <a
              rel="noopener noreferrer"
              target="_blank"
            >
              <div
                className="background"
                style={
                  Object {
                    "backgroundImage": "url(undefined)",
                  }
                }
              >
                <div
                  className="overlay"
                >
                  <article
                    className="card-details"
                  >
                    <header
                      className="top-details"
                    >
                      <h3>
                        OK Go
                      </h3>
                      <p />
                    </header>
                    <footer
                      className="bottom-details"
                    >
                      <p>
                        City: 
                      </p>
                      <p>
                        Venue: 
                      </p>
                    </footer>
                  </article>
                </div>
              </div>
            </a>
          </section>
          <section
            className="event-card"
          >
            <a
              rel="noopener noreferrer"
              target="_blank"
            >
              <div
                className="background"
                style={
                  Object {
                    "backgroundImage": "url(undefined)",
                  }
                }
              >
                <div
                  className="overlay"
                >
                  <article
                    className="card-details"
                  >
                    <header
                      className="top-details"
                    >
                      <h3>
                        Ween
                      </h3>
                      <p />
                    </header>
                    <footer
                      className="bottom-details"
                    >
                      <p>
                        City: 
                      </p>
                      <p>
                        Venue: 
                      </p>
                    </footer>
                  </article>
                </div>
              </div>
            </a>
          </section>
        </main>,
        <Link
          to="./band-info"
        >
          <button
            className="return-btn"
          >
            Return to Results
          </button>
        </Link>,
      ],
      "className": "events-section",
    },
    "ref": null,
    "rendered": Array [
      Object {
        "instance": null,
        "key": undefined,
        "nodeType": "host",
        "props": Object {
          "children": Array [
            <section
              className="event-card"
            >
              <a
                rel="noopener noreferrer"
                target="_blank"
              >
                <div
                  className="background"
                  style={
                    Object {
                      "backgroundImage": "url(undefined)",
                    }
                  }
                >
                  <div
                    className="overlay"
                  >
                    <article
                      className="card-details"
                    >
                      <header
                        className="top-details"
                      >
                        <h3>
                          OK Go
                        </h3>
                        <p />
                      </header>
                      <footer
                        className="bottom-details"
                      >
                        <p>
                          City: 
                        </p>
                        <p>
                          Venue: 
                        </p>
                      </footer>
                    </article>
                  </div>
                </div>
              </a>
            </section>,
            <section
              className="event-card"
            >
              <a
                rel="noopener noreferrer"
                target="_blank"
              >
                <div
                  className="background"
                  style={
                    Object {
                      "backgroundImage": "url(undefined)",
                    }
                  }
                >
                  <div
                    className="overlay"
                  >
                    <article
                      className="card-details"
                    >
                      <header
                        className="top-details"
                      >
                        <h3>
                          Ween
                        </h3>
                        <p />
                      </header>
                      <footer
                        className="bottom-details"
                      >
                        <p>
                          City: 
                        </p>
                        <p>
                          Venue: 
                        </p>
                      </footer>
                    </article>
                  </div>
                </div>
              </a>
            </section>,
          ],
          "className": "events-container",
        },
        "ref": null,
        "rendered": Array [
          Object {
            "instance": null,
            "key": "477",
            "nodeType": "host",
            "props": Object {
              "children": <a
                rel="noopener noreferrer"
                target="_blank"
              >
                <div
                  className="background"
                  style={
                    Object {
                      "backgroundImage": "url(undefined)",
                    }
                  }
                >
                  <div
                    className="overlay"
                  >
                    <article
                      className="card-details"
                    >
                      <header
                        className="top-details"
                      >
                        <h3>
                          OK Go
                        </h3>
                        <p />
                      </header>
                      <footer
                        className="bottom-details"
                      >
                        <p>
                          City: 
                        </p>
                        <p>
                          Venue: 
                        </p>
                      </footer>
                    </article>
                  </div>
                </div>
              </a>,
              "className": "event-card",
            },
            "ref": null,
            "rendered": Object {
              "instance": null,
              "key": undefined,
              "nodeType": "host",
              "props": Object {
                "children": <div
                  className="background"
                  style={
                    Object {
                      "backgroundImage": "url(undefined)",
                    }
                  }
                >
                  <div
                    className="overlay"
                  >
                    <article
                      className="card-details"
                    >
                      <header
                        className="top-details"
                      >
                        <h3>
                          OK Go
                        </h3>
                        <p />
                      </header>
                      <footer
                        className="bottom-details"
                      >
                        <p>
                          City: 
                        </p>
                        <p>
                          Venue: 
                        </p>
                      </footer>
                    </article>
                  </div>
                </div>,
                "href": undefined,
                "rel": "noopener noreferrer",
                "target": "_blank",
              },
              "ref": null,
              "rendered": Object {
                "instance": null,
                "key": undefined,
                "nodeType": "host",
                "props": Object {
                  "children": <div
                    className="overlay"
                  >
                    <article
                      className="card-details"
                    >
                      <header
                        className="top-details"
                      >
                        <h3>
                          OK Go
                        </h3>
                        <p />
                      </header>
                      <footer
                        className="bottom-details"
                      >
                        <p>
                          City: 
                        </p>
                        <p>
                          Venue: 
                        </p>
                      </footer>
                    </article>
                  </div>,
                  "className": "background",
                  "style": Object {
                    "backgroundImage": "url(undefined)",
                  },
                },
                "ref": null,
                "rendered": Object {
                  "instance": null,
                  "key": undefined,
                  "nodeType": "host",
                  "props": Object {
                    "children": <article
                      className="card-details"
                    >
                      <header
                        className="top-details"
                      >
                        <h3>
                          OK Go
                        </h3>
                        <p />
                      </header>
                      <footer
                        className="bottom-details"
                      >
                        <p>
                          City: 
                        </p>
                        <p>
                          Venue: 
                        </p>
                      </footer>
                    </article>,
                    "className": "overlay",
                  },
                  "ref": null,
                  "rendered": Object {
                    "instance": null,
                    "key": undefined,
                    "nodeType": "host",
                    "props": Object {
                      "children": Array [
                        <header
                          className="top-details"
                        >
                          <h3>
                            OK Go
                          </h3>
                          <p />
                        </header>,
                        <footer
                          className="bottom-details"
                        >
                          <p>
                            City: 
                          </p>
                          <p>
                            Venue: 
                          </p>
                        </footer>,
                      ],
                      "className": "card-details",
                    },
                    "ref": null,
                    "rendered": Array [
                      Object {
                        "instance": null,
                        "key": undefined,
                        "nodeType": "host",
                        "props": Object {
                          "children": Array [
                            <h3>
                              OK Go
                            </h3>,
                            <p />,
                          ],
                          "className": "top-details",
                        },
                        "ref": null,
                        "rendered": Array [
                          Object {
                            "instance": null,
                            "key": undefined,
                            "nodeType": "host",
                            "props": Object {
                              "children": "OK Go",
                            },
                            "ref": null,
                            "rendered": "OK Go",
                            "type": "h3",
                          },
                          Object {
                            "instance": null,
                            "key": undefined,
                            "nodeType": "host",
                            "props": Object {
                              "children": undefined,
                            },
                            "ref": null,
                            "rendered": null,
                            "type": "p",
                          },
                        ],
                        "type": "header",
                      },
                      Object {
                        "instance": null,
                        "key": undefined,
                        "nodeType": "host",
                        "props": Object {
                          "children": Array [
                            <p>
                              City: 
                            </p>,
                            <p>
                              Venue: 
                            </p>,
                          ],
                          "className": "bottom-details",
                        },
                        "ref": null,
                        "rendered": Array [
                          Object {
                            "instance": null,
                            "key": undefined,
                            "nodeType": "host",
                            "props": Object {
                              "children": Array [
                                "City: ",
                                undefined,
                              ],
                            },
                            "ref": null,
                            "rendered": Array [
                              "City: ",
                              undefined,
                            ],
                            "type": "p",
                          },
                          Object {
                            "instance": null,
                            "key": undefined,
                            "nodeType": "host",
                            "props": Object {
                              "children": Array [
                                "Venue: ",
                                undefined,
                              ],
                            },
                            "ref": null,
                            "rendered": Array [
                              "Venue: ",
                              undefined,
                            ],
                            "type": "p",
                          },
                        ],
                        "type": "footer",
                      },
                    ],
                    "type": "article",
                  },
                  "type": "div",
                },
                "type": "div",
              },
              "type": "a",
            },
            "type": "section",
          },
          Object {
            "instance": null,
            "key": "111",
            "nodeType": "host",
            "props": Object {
              "children": <a
                rel="noopener noreferrer"
                target="_blank"
              >
                <div
                  className="background"
                  style={
                    Object {
                      "backgroundImage": "url(undefined)",
                    }
                  }
                >
                  <div
                    className="overlay"
                  >
                    <article
                      className="card-details"
                    >
                      <header
                        className="top-details"
                      >
                        <h3>
                          Ween
                        </h3>
                        <p />
                      </header>
                      <footer
                        className="bottom-details"
                      >
                        <p>
                          City: 
                        </p>
                        <p>
                          Venue: 
                        </p>
                      </footer>
                    </article>
                  </div>
                </div>
              </a>,
              "className": "event-card",
            },
            "ref": null,
            "rendered": Object {
              "instance": null,
              "key": undefined,
              "nodeType": "host",
              "props": Object {
                "children": <div
                  className="background"
                  style={
                    Object {
                      "backgroundImage": "url(undefined)",
                    }
                  }
                >
                  <div
                    className="overlay"
                  >
                    <article
                      className="card-details"
                    >
                      <header
                        className="top-details"
                      >
                        <h3>
                          Ween
                        </h3>
                        <p />
                      </header>
                      <footer
                        className="bottom-details"
                      >
                        <p>
                          City: 
                        </p>
                        <p>
                          Venue: 
                        </p>
                      </footer>
                    </article>
                  </div>
                </div>,
                "href": undefined,
                "rel": "noopener noreferrer",
                "target": "_blank",
              },
              "ref": null,
              "rendered": Object {
                "instance": null,
                "key": undefined,
                "nodeType": "host",
                "props": Object {
                  "children": <div
                    className="overlay"
                  >
                    <article
                      className="card-details"
                    >
                      <header
                        className="top-details"
                      >
                        <h3>
                          Ween
                        </h3>
                        <p />
                      </header>
                      <footer
                        className="bottom-details"
                      >
                        <p>
                          City: 
                        </p>
                        <p>
                          Venue: 
                        </p>
                      </footer>
                    </article>
                  </div>,
                  "className": "background",
                  "style": Object {
                    "backgroundImage": "url(undefined)",
                  },
                },
                "ref": null,
                "rendered": Object {
                  "instance": null,
                  "key": undefined,
                  "nodeType": "host",
                  "props": Object {
                    "children": <article
                      className="card-details"
                    >
                      <header
                        className="top-details"
                      >
                        <h3>
                          Ween
                        </h3>
                        <p />
                      </header>
                      <footer
                        className="bottom-details"
                      >
                        <p>
                          City: 
                        </p>
                        <p>
                          Venue: 
                        </p>
                      </footer>
                    </article>,
                    "className": "overlay",
                  },
                  "ref": null,
                  "rendered": Object {
                    "instance": null,
                    "key": undefined,
                    "nodeType": "host",
                    "props": Object {
                      "children": Array [
                        <header
                          className="top-details"
                        >
                          <h3>
                            Ween
                          </h3>
                          <p />
                        </header>,
                        <footer
                          className="bottom-details"
                        >
                          <p>
                            City: 
                          </p>
                          <p>
                            Venue: 
                          </p>
                        </footer>,
                      ],
                      "className": "card-details",
                    },
                    "ref": null,
                    "rendered": Array [
                      Object {
                        "instance": null,
                        "key": undefined,
                        "nodeType": "host",
                        "props": Object {
                          "children": Array [
                            <h3>
                              Ween
                            </h3>,
                            <p />,
                          ],
                          "className": "top-details",
                        },
                        "ref": null,
                        "rendered": Array [
                          Object {
                            "instance": null,
                            "key": undefined,
                            "nodeType": "host",
                            "props": Object {
                              "children": "Ween",
                            },
                            "ref": null,
                            "rendered": "Ween",
                            "type": "h3",
                          },
                          Object {
                            "instance": null,
                            "key": undefined,
                            "nodeType": "host",
                            "props": Object {
                              "children": undefined,
                            },
                            "ref": null,
                            "rendered": null,
                            "type": "p",
                          },
                        ],
                        "type": "header",
                      },
                      Object {
                        "instance": null,
                        "key": undefined,
                        "nodeType": "host",
                        "props": Object {
                          "children": Array [
                            <p>
                              City: 
                            </p>,
                            <p>
                              Venue: 
                            </p>,
                          ],
                          "className": "bottom-details",
                        },
                        "ref": null,
                        "rendered": Array [
                          Object {
                            "instance": null,
                            "key": undefined,
                            "nodeType": "host",
                            "props": Object {
                              "children": Array [
                                "City: ",
                                undefined,
                              ],
                            },
                            "ref": null,
                            "rendered": Array [
                              "City: ",
                              undefined,
                            ],
                            "type": "p",
                          },
                          Object {
                            "instance": null,
                            "key": undefined,
                            "nodeType": "host",
                            "props": Object {
                              "children": Array [
                                "Venue: ",
                                undefined,
                              ],
                            },
                            "ref": null,
                            "rendered": Array [
                              "Venue: ",
                              undefined,
                            ],
                            "type": "p",
                          },
                        ],
                        "type": "footer",
                      },
                    ],
                    "type": "article",
                  },
                  "type": "div",
                },
                "type": "div",
              },
              "type": "a",
            },
            "type": "section",
          },
        ],
        "type": "main",
      },
      Object {
        "instance": null,
        "key": undefined,
        "nodeType": "class",
        "props": Object {
          "children": <button
            className="return-btn"
          >
            Return to Results
          </button>,
          "to": "./band-info",
        },
        "ref": null,
        "rendered": Object {
          "instance": null,
          "key": undefined,
          "nodeType": "host",
          "props": Object {
            "children": "Return to Results",
            "className": "return-btn",
          },
          "ref": null,
          "rendered": "Return to Results",
          "type": "button",
        },
        "type": [Function],
      },
    ],
    "type": "div",
  },
  Symbol(enzyme.__nodes__): Array [
    Object {
      "instance": null,
      "key": undefined,
      "nodeType": "host",
      "props": Object {
        "children": Array [
          <main
            className="events-container"
          >
            <section
              className="event-card"
            >
              <a
                rel="noopener noreferrer"
                target="_blank"
              >
                <div
                  className="background"
                  style={
                    Object {
                      "backgroundImage": "url(undefined)",
                    }
                  }
                >
                  <div
                    className="overlay"
                  >
                    <article
                      className="card-details"
                    >
                      <header
                        className="top-details"
                      >
                        <h3>
                          OK Go
                        </h3>
                        <p />
                      </header>
                      <footer
                        className="bottom-details"
                      >
                        <p>
                          City: 
                        </p>
                        <p>
                          Venue: 
                        </p>
                      </footer>
                    </article>
                  </div>
                </div>
              </a>
            </section>
            <section
              className="event-card"
            >
              <a
                rel="noopener noreferrer"
                target="_blank"
              >
                <div
                  className="background"
                  style={
                    Object {
                      "backgroundImage": "url(undefined)",
                    }
                  }
                >
                  <div
                    className="overlay"
                  >
                    <article
                      className="card-details"
                    >
                      <header
                        className="top-details"
                      >
                        <h3>
                          Ween
                        </h3>
                        <p />
                      </header>
                      <footer
                        className="bottom-details"
                      >
                        <p>
                          City: 
                        </p>
                        <p>
                          Venue: 
                        </p>
                      </footer>
                    </article>
                  </div>
                </div>
              </a>
            </section>
          </main>,
          <Link
            to="./band-info"
          >
            <button
              className="return-btn"
            >
              Return to Results
            </button>
          </Link>,
        ],
        "className": "events-section",
      },
      "ref": null,
      "rendered": Array [
        Object {
          "instance": null,
          "key": undefined,
          "nodeType": "host",
          "props": Object {
            "children": Array [
              <section
                className="event-card"
              >
                <a
                  rel="noopener noreferrer"
                  target="_blank"
                >
                  <div
                    className="background"
                    style={
                      Object {
                        "backgroundImage": "url(undefined)",
                      }
                    }
                  >
                    <div
                      className="overlay"
                    >
                      <article
                        className="card-details"
                      >
                        <header
                          className="top-details"
                        >
                          <h3>
                            OK Go
                          </h3>
                          <p />
                        </header>
                        <footer
                          className="bottom-details"
                        >
                          <p>
                            City: 
                          </p>
                          <p>
                            Venue: 
                          </p>
                        </footer>
                      </article>
                    </div>
                  </div>
                </a>
              </section>,
              <section
                className="event-card"
              >
                <a
                  rel="noopener noreferrer"
                  target="_blank"
                >
                  <div
                    className="background"
                    style={
                      Object {
                        "backgroundImage": "url(undefined)",
                      }
                    }
                  >
                    <div
                      className="overlay"
                    >
                      <article
                        className="card-details"
                      >
                        <header
                          className="top-details"
                        >
                          <h3>
                            Ween
                          </h3>
                          <p />
                        </header>
                        <footer
                          className="bottom-details"
                        >
                          <p>
                            City: 
                          </p>
                          <p>
                            Venue: 
                          </p>
                        </footer>
                      </article>
                    </div>
                  </div>
                </a>
              </section>,
            ],
            "className": "events-container",
          },
          "ref": null,
          "rendered": Array [
            Object {
              "instance": null,
              "key": "477",
              "nodeType": "host",
              "props": Object {
                "children": <a
                  rel="noopener noreferrer"
                  target="_blank"
                >
                  <div
                    className="background"
                    style={
                      Object {
                        "backgroundImage": "url(undefined)",
                      }
                    }
                  >
                    <div
                      className="overlay"
                    >
                      <article
                        className="card-details"
                      >
                        <header
                          className="top-details"
                        >
                          <h3>
                            OK Go
                          </h3>
                          <p />
                        </header>
                        <footer
                          className="bottom-details"
                        >
                          <p>
                            City: 
                          </p>
                          <p>
                            Venue: 
                          </p>
                        </footer>
                      </article>
                    </div>
                  </div>
                </a>,
                "className": "event-card",
              },
              "ref": null,
              "rendered": Object {
                "instance": null,
                "key": undefined,
                "nodeType": "host",
                "props": Object {
                  "children": <div
                    className="background"
                    style={
                      Object {
                        "backgroundImage": "url(undefined)",
                      }
                    }
                  >
                    <div
                      className="overlay"
                    >
                      <article
                        className="card-details"
                      >
                        <header
                          className="top-details"
                        >
                          <h3>
                            OK Go
                          </h3>
                          <p />
                        </header>
                        <footer
                          className="bottom-details"
                        >
                          <p>
                            City: 
                          </p>
                          <p>
                            Venue: 
                          </p>
                        </footer>
                      </article>
                    </div>
                  </div>,
                  "href": undefined,
                  "rel": "noopener noreferrer",
                  "target": "_blank",
                },
                "ref": null,
                "rendered": Object {
                  "instance": null,
                  "key": undefined,
                  "nodeType": "host",
                  "props": Object {
                    "children": <div
                      className="overlay"
                    >
                      <article
                        className="card-details"
                      >
                        <header
                          className="top-details"
                        >
                          <h3>
                            OK Go
                          </h3>
                          <p />
                        </header>
                        <footer
                          className="bottom-details"
                        >
                          <p>
                            City: 
                          </p>
                          <p>
                            Venue: 
                          </p>
                        </footer>
                      </article>
                    </div>,
                    "className": "background",
                    "style": Object {
                      "backgroundImage": "url(undefined)",
                    },
                  },
                  "ref": null,
                  "rendered": Object {
                    "instance": null,
                    "key": undefined,
                    "nodeType": "host",
                    "props": Object {
                      "children": <article
                        className="card-details"
                      >
                        <header
                          className="top-details"
                        >
                          <h3>
                            OK Go
                          </h3>
                          <p />
                        </header>
                        <footer
                          className="bottom-details"
                        >
                          <p>
                            City: 
                          </p>
                          <p>
                            Venue: 
                          </p>
                        </footer>
                      </article>,
                      "className": "overlay",
                    },
                    "ref": null,
                    "rendered": Object {
                      "instance": null,
                      "key": undefined,
                      "nodeType": "host",
                      "props": Object {
                        "children": Array [
                          <header
                            className="top-details"
                          >
                            <h3>
                              OK Go
                            </h3>
                            <p />
                          </header>,
                          <footer
                            className="bottom-details"
                          >
                            <p>
                              City: 
                            </p>
                            <p>
                              Venue: 
                            </p>
                          </footer>,
                        ],
                        "className": "card-details",
                      },
                      "ref": null,
                      "rendered": Array [
                        Object {
                          "instance": null,
                          "key": undefined,
                          "nodeType": "host",
                          "props": Object {
                            "children": Array [
                              <h3>
                                OK Go
                              </h3>,
                              <p />,
                            ],
                            "className": "top-details",
                          },
                          "ref": null,
                          "rendered": Array [
                            Object {
                              "instance": null,
                              "key": undefined,
                              "nodeType": "host",
                              "props": Object {
                                "children": "OK Go",
                              },
                              "ref": null,
                              "rendered": "OK Go",
                              "type": "h3",
                            },
                            Object {
                              "instance": null,
                              "key": undefined,
                              "nodeType": "host",
                              "props": Object {
                                "children": undefined,
                              },
                              "ref": null,
                              "rendered": null,
                              "type": "p",
                            },
                          ],
                          "type": "header",
                        },
                        Object {
                          "instance": null,
                          "key": undefined,
                          "nodeType": "host",
                          "props": Object {
                            "children": Array [
                              <p>
                                City: 
                              </p>,
                              <p>
                                Venue: 
                              </p>,
                            ],
                            "className": "bottom-details",
                          },
                          "ref": null,
                          "rendered": Array [
                            Object {
                              "instance": null,
                              "key": undefined,
                              "nodeType": "host",
                              "props": Object {
                                "children": Array [
                                  "City: ",
                                  undefined,
                                ],
                              },
                              "ref": null,
                              "rendered": Array [
                                "City: ",
                                undefined,
                              ],
                              "type": "p",
                            },
                            Object {
                              "instance": null,
                              "key": undefined,
                              "nodeType": "host",
                              "props": Object {
                                "children": Array [
                                  "Venue: ",
                                  undefined,
                                ],
                              },
                              "ref": null,
                              "rendered": Array [
                                "Venue: ",
                                undefined,
                              ],
                              "type": "p",
                            },
                          ],
                          "type": "footer",
                        },
                      ],
                      "type": "article",
                    },
                    "type": "div",
                  },
                  "type": "div",
                },
                "type": "a",
              },
              "type": "section",
            },
            Object {
              "instance": null,
              "key": "111",
              "nodeType": "host",
              "props": Object {
                "children": <a
                  rel="noopener noreferrer"
                  target="_blank"
                >
                  <div
                    className="background"
                    style={
                      Object {
                        "backgroundImage": "url(undefined)",
                      }
                    }
                  >
                    <div
                      className="overlay"
                    >
                      <article
                        className="card-details"
                      >
                        <header
                          className="top-details"
                        >
                          <h3>
                            Ween
                          </h3>
                          <p />
                        </header>
                        <footer
                          className="bottom-details"
                        >
                          <p>
                            City: 
                          </p>
                          <p>
                            Venue: 
                          </p>
                        </footer>
                      </article>
                    </div>
                  </div>
                </a>,
                "className": "event-card",
              },
              "ref": null,
              "rendered": Object {
                "instance": null,
                "key": undefined,
                "nodeType": "host",
                "props": Object {
                  "children": <div
                    className="background"
                    style={
                      Object {
                        "backgroundImage": "url(undefined)",
                      }
                    }
                  >
                    <div
                      className="overlay"
                    >
                      <article
                        className="card-details"
                      >
                        <header
                          className="top-details"
                        >
                          <h3>
                            Ween
                          </h3>
                          <p />
                        </header>
                        <footer
                          className="bottom-details"
                        >
                          <p>
                            City: 
                          </p>
                          <p>
                            Venue: 
                          </p>
                        </footer>
                      </article>
                    </div>
                  </div>,
                  "href": undefined,
                  "rel": "noopener noreferrer",
                  "target": "_blank",
                },
                "ref": null,
                "rendered": Object {
                  "instance": null,
                  "key": undefined,
                  "nodeType": "host",
                  "props": Object {
                    "children": <div
                      className="overlay"
                    >
                      <article
                        className="card-details"
                      >
                        <header
                          className="top-details"
                        >
                          <h3>
                            Ween
                          </h3>
                          <p />
                        </header>
                        <footer
                          className="bottom-details"
                        >
                          <p>
                            City: 
                          </p>
                          <p>
                            Venue: 
                          </p>
                        </footer>
                      </article>
                    </div>,
                    "className": "background",
                    "style": Object {
                      "backgroundImage": "url(undefined)",
                    },
                  },
                  "ref": null,
                  "rendered": Object {
                    "instance": null,
                    "key": undefined,
                    "nodeType": "host",
                    "props": Object {
                      "children": <article
                        className="card-details"
                      >
                        <header
                          className="top-details"
                        >
                          <h3>
                            Ween
                          </h3>
                          <p />
                        </header>
                        <footer
                          className="bottom-details"
                        >
                          <p>
                            City: 
                          </p>
                          <p>
                            Venue: 
                          </p>
                        </footer>
                      </article>,
                      "className": "overlay",
                    },
                    "ref": null,
                    "rendered": Object {
                      "instance": null,
                      "key": undefined,
                      "nodeType": "host",
                      "props": Object {
                        "children": Array [
                          <header
                            className="top-details"
                          >
                            <h3>
                              Ween
                            </h3>
                            <p />
                          </header>,
                          <footer
                            className="bottom-details"
                          >
                            <p>
                              City: 
                            </p>
                            <p>
                              Venue: 
                            </p>
                          </footer>,
                        ],
                        "className": "card-details",
                      },
                      "ref": null,
                      "rendered": Array [
                        Object {
                          "instance": null,
                          "key": undefined,
                          "nodeType": "host",
                          "props": Object {
                            "children": Array [
                              <h3>
                                Ween
                              </h3>,
                              <p />,
                            ],
                            "className": "top-details",
                          },
                          "ref": null,
                          "rendered": Array [
                            Object {
                              "instance": null,
                              "key": undefined,
                              "nodeType": "host",
                              "props": Object {
                                "children": "Ween",
                              },
                              "ref": null,
                              "rendered": "Ween",
                              "type": "h3",
                            },
                            Object {
                              "instance": null,
                              "key": undefined,
                              "nodeType": "host",
                              "props": Object {
                                "children": undefined,
                              },
                              "ref": null,
                              "rendered": null,
                              "type": "p",
                            },
                          ],
                          "type": "header",
                        },
                        Object {
                          "instance": null,
                          "key": undefined,
                          "nodeType": "host",
                          "props": Object {
                            "children": Array [
                              <p>
                                City: 
                              </p>,
                              <p>
                                Venue: 
                              </p>,
                            ],
                            "className": "bottom-details",
                          },
                          "ref": null,
                          "rendered": Array [
                            Object {
                              "instance": null,
                              "key": undefined,
                              "nodeType": "host",
                              "props": Object {
                                "children": Array [
                                  "City: ",
                                  undefined,
                                ],
                              },
                              "ref": null,
                              "rendered": Array [
                                "City: ",
                                undefined,
                              ],
                              "type": "p",
                            },
                            Object {
                              "instance": null,
                              "key": undefined,
                              "nodeType": "host",
                              "props": Object {
                                "children": Array [
                                  "Venue: ",
                                  undefined,
                                ],
                              },
                              "ref": null,
                              "rendered": Array [
                                "Venue: ",
                                undefined,
                              ],
                              "type": "p",
                            },
                          ],
                          "type": "footer",
                        },
                      ],
                      "type": "article",
                    },
                    "type": "div",
                  },
                  "type": "div",
                },
                "type": "a",
              },
              "type": "section",
            },
          ],
          "type": "main",
        },
        Object {
          "instance": null,
          "key": undefined,
          "nodeType": "class",
          "props": Object {
            "children": <button
              className="return-btn"
            >
              Return to Results
            </button>,
            "to": "./band-info",
          },
          "ref": null,
          "rendered": Object {
            "instance": null,
            "key": undefined,
            "nodeType": "host",
            "props": Object {
              "children": "Return to Results",
              "className": "return-btn",
            },
            "ref": null,
            "rendered": "Return to Results",
            "type": "button",
          },
          "type": [Function],
        },
      ],
      "type": "div",
    },
  ],
  Symbol(enzyme.__options__): Object {
    "adapter": ReactSixteenAdapter {
      "options": Object {
        "enableComponentDidUpdateOnSetState": true,
        "legacyContextMode": "parent",
        "lifecycles": Object {
          "componentDidUpdate": Object {
            "onSetState": true,
          },
          "getChildContext": Object {
            "calledByRenderer": false,
          },
          "getDerivedStateFromError": true,
          "getDerivedStateFromProps": Object {
            "hasShouldComponentUpdateBug": false,
          },
          "getSnapshotBeforeUpdate": true,
          "setState": Object {
            "skipsComponentDidUpdateOnNullish": true,
          },
        },
      },
    },
  },
  Symbol(enzyme.__childContext__): null,
}
`;
